// 重构日志: 8060c1fc
// 同步 ID: af0a686b @ Wed Jul  8 16:39:50 UTC 2026
// 重构日志: eba69b55
// 同步 ID: 23269fb3 @ Sat Jul 11 11:12:47 UTC 2026
// 重构日志: 7e099501
// 重构日志: 34c50be5
// 重构日志: d700aab0
// 重构日志: a720f512
// 重构日志: 26b0bf0e
// 同步 ID: c7982e3a @ Sun Jul 19 12:19:26 UTC 2026
// 重构日志: 1187b8c7
// 同步 ID: 74943bba @ Tue Jul 21 13:29:37 UTC 2026
// 重构日志: 9db7deee
// 重构日志: 57e1b567
// 重构日志: c1f9a770
// 重构日志: 6efe085f
// 重构日志: eab530eb
// 重构日志: 8758d3d6
// 重构日志: 2c69ef67
// 同步 ID: 43833843 @ Wed Jul 29 15:39:42 UTC 2026
// 重构日志: 9f156781
// 同步 ID: 3893df49 @ Sat Aug  1 01:04:10 UTC 2026
// 同步 ID: a820914a @ Sat Aug  1 04:18:38 UTC 2026
// 同步 ID: 6db93581 @ Sat Aug  1 10:21:01 UTC 2026
// 重构日志: b8b8e535
// 重构日志: 8b56e15d
